ProteinName,PeptideSequence,Protein.Start,Protein.End,PrecursorCharge,FragmentIon,ProductCharge,IsotopeLabelType,Condition,BioReplicate,Run,Intensity
Q96JP5,AAAAAAAAAVSR,1,3,2,y7,1,L,a,1,run1,408330.125
Q96JP5,AAAAAAAAAVSR,1,3,2,y8,1,L,a,1,run1,233946.5156
Q96JP5,AAAAAAAAAVSR,1,3,2,y6,1,L,a,1,run1,121068.3438
Q96JP5,AAAAAAAAAVSR,1,3,2,y5,1,L,a,1,run1,1790076.25
Q96JP5,AAAAAAAAAVSR,1,3,2,b3,1,L,a,1,run1,1651944
Q96JP5,AAAAAAAAAVSR,1,3,2,y9,1,L,a,1,run1,33210.44922
Q96JP5,AAAAAAAAAVSR,1,3,2,b4,1,L,a,1,run1,1098717.75
Q96JP5,AAAAAAAAAVSR,1,3,2,y4,1,L,a,1,run1,218250.6875
Q96JP5,AAAAAAAAAVSR,1,3,2,b5,1,L,a,1,run1,349671.5313
Q96JP5,AAAAAAAAAVSR,1,3,2,y10,1,L,a,1,run1,111069.6953
Q96JP5,AAAAAAAAAVSR,1,3,2,b6,1,L,a,1,run1,54806.64063
Q96JP5,AAAAAAAAAVSR,1,3,2,y3,1,L,a,1,run1,10828.75781
P36578,AAAAAAALQAK,4,6,1,y5,1,L,b,2,run2,791103.6875
P36578,AAAAAAALQAK,4,6,1,y4,1,L,b,2,run2,1057981.375
P36578,AAAAAAALQAK,4,6,1,b8,1,L,b,2,run2,1419917
P36578,AAAAAAALQAK,4,6,1,b9,1,L,b,2,run2,830055.5625
P36578,AAAAAAALQAK,4,6,1,y6,1,L,b,2,run2,538924.5
P36578,AAAAAAALQAK,4,6,1,b7,1,L,b,2,run2,2115861.25
P36578,AAAAAAALQAK,4,6,1,y3,1,L,b,2,run2,760669.625
P36578,AAAAAAALQAK,4,6,1,b6,1,L,b,2,run2,1448620.875
P36578,AAAAAAALQAK,4,6,1,b5,1,L,b,2,run2,765756.3125
P36578,AAAAAAALQAK,4,6,1,b10,1,L,b,2,run2,740258.375
P36578,AAAAAAALQAK,4,6,1,y7,1,L,b,2,run2,325370.125
P36578,AAAAAAALQAK,4,6,1,b4,1,L,b,2,run2,340871.0313
O15042,AAAEIYEEFLAAFEGSDGNK,7,9,3,y8,1,L,a,1,run1,6249.090332
O15042,AAAEIYEEFLAAFEGSDGNK,7,9,3,y9,1,L,a,1,run1,675.5332031
O15042,AAAEIYEEFLAAFEGSDGNK,7,9,3,y6,1,L,a,1,run1,16907.16797
O15042,AAAEIYEEFLAAFEGSDGNK,7,9,3,y7,1,L,a,1,run1,1284.000366
O15042,AAAEIYEEFLAAFEGSDGNK,7,9,3,b4,1,L,a,1,run1,16230.78516
O15042,AAAEIYEEFLAAFEGSDGNK,7,9,3,b5,1,L,a,1,run1,2850.666992
O15042,AAAEIYEEFLAAFEGSDGNK,7,9,3,y3,1,L,a,1,run1,46489.88281
O15042,AAAEIYEEFLAAFEGSDGNK,7,9,3,b3,1,L,a,1,run1,53121.47656
